nohup: ignoring input
vocab 59 len 50000
100 loss 2.358 best 10.000 saved

win:
IoENIUS:
Aer'e  ooe meda.s.
A, I fiass ost manvs amsin faadi,ly my peihithe ppill poericyiuv sseave ur yamesdsur;Tower.

Tirerer, juse and Manliodd tr' mersdarn dhelh you !rdn?UPUS:-Suo rI
Wiy h
---
200 loss 2.236 best 2.358 saved

Bur
ogry harest
So
Thee bo by tinegjR, arces most
Couy maledares!
That incanke-dery siont.

Fore dull owal mwayTh are and thaplende y, thas, figeind wole perty aodes gili, my mearus nodivend
deve
C
T
---
300 loss 1.959 best 2.236 saved

VIKUS:
wer: therecs 'st miep ts Mifkf cius's the hell of Rom hius you.

MARCIUSN
MCININIUS:
Wh at you'p wo thaI iom, youb teve wirs, I's st kn bem dees;
Mofitthis th, whege
in uleke k.

VOLUMNIA:
I i
---
400 loss 2.086 best 1.959 saved

What hale patrye: kfor, growe , me.

FioLe walle th your Cara foff 'th the powerid thell can ravy hy hat'd yup ornt: thaiw, whem----hit, shat Cominbus.

Fors grims ing the wircie pot oretho Dhey wir 
---
500 loss 2.019 best 1.959 saved

The menous,
Bo douly:
Pho four ofougioferstot hall offir I buchars far iins ha s oftyoubat moke sen'd tinold
Tou neack,
Lealdo, iug fotrig you thas is maard
Hey toocerse ththey.

VIRUTUS:
Aod er; fre
---
600 loss 1.977 best 1.959 saved

Want be meetore his repe croghon, in that Ieichanss ir and ppout ourit of ghowe hom; hank ftem, to buce ha porswertithe fichim, tha chemen amp-hithe eavaseed toch menavon sallt-pentt us tout oo
I ppo
---
700 loss 1.970 best 1.959 saved

Leatt wr teeres' to blelde than' nourius Rom wo that usw hor shard th m ecoun, I eave how
is Rome thengeg thear inoreve to blithur!

MORUTUS:
Your then: benoder goond fit noulls: all thaili beever Si
---
800 loss 1.969 best 1.959 saved

Tiebuins, in steed meake:
OMI Cimice: nothir futhere--
The where
fon the tiest me pine and go titilire,
Corieack onete well theirouec, on, forse Carin:
Whalesw nod undercy stingang ofe ty se ore intr
---
900 loss 1.648 best 1.959 saved

VFENENIUS:
A fur that wortwe douds!

oor what ham lome
And way hene?

MARTIUS:
A there they,
We the peovedre, no. badt nou and ant har exstile I to mont
Cotiose wherey, my lo beed.

AUMINIUS:
He him 
---
1000 loss 1.878 best 1.648 saved

Lither:

VOLUM
NIUGININ.
Lisy?
The mo.

O, Lak im's, und--wort what you and to blows
Aff of hood
Cationted
thate; she cidscy for
I papp
As your Rear a that eplake d ard.

VIRGILIA:
Eme woth: lore; th
---
1100 loss 2.025 best 1.648 saved

Leke or thearey to Roter:
Wese in almoreed boulo
Whior their, the pit!
Thee thate thad te you he oteds, ho deenth. Bee he wathir foe ho tteess
If and goow'w shele butr: Leat rouple of ees, sur force;
---
1200 loss 1.929 best 1.648 saved

Fores indseting your
brifkify; and missser ones,
Shiuw ls,
kees fougher,
That where'st tiget, their is?

VOLUMNI, S he mather thee macr cabmed, come:
Boneds neffet you vork laves leve rid yours to bi
---
1300 loss 1.779 best 1.648 saved

MERCAUS:
'lisin ak dethin;
Well, and hengone alous gobes, what laks, Carion so's.

COMINIUS:
And ase my makes, syou the things in tour oung agones of
Aeg,
out acilous.

Firy spoth rebate'TUS: shougha
---
1400 loss 1.688 best 1.648 saved

Wherth Themce cansey,--lain him; to whic mady dele to exwall one than hisheed hescounder a bede fave tus the poore though the beaded them of the for
Them, and, with your hawofe
has I day, geedre so t
---
1500 loss 1.757 best 1.648 saved

Thouljast thye but
SICuMurth with the Curime.

ot upandet. A brood resenver you, sischey you feulds I'sper lise oft then me hourcter
To, hy!

MENENIUS:
You what us; lill tleceave the soof the gatent 
---
1600 loss 1.662 best 1.648 saved

What tusbelitius'd dous' talowg:
'Tmiletly an fil

pryid
chave do velm.

SICINIUS:
Here you, prople shale lake you are't sim! Wither whing or comer andsh, we led is tue angmen so the fot
In your bure
---
1700 loss 1.814 best 1.648 saved

Thou'll but stite By toor
to ghale you

Vil:
And to brot make chay morings! To give
What thit be owse
tooitexellm know enos.

LARLINIUS:
Eeat is: but noe weal him; for the theit has rndeffidius Nark 
---
1800 loss 1.752 best 1.648 saved

First, inding him.

VOLUMNIA:
Nofverepertion:
We rnout
Orakes, your acliole:
He halling him of plas ferthy which a Firca the thiugs do sour
Condoon
Whor'er fromaris ake is hithing fanerelit's you.

A
---
1900 loss 1.760 best 1.648 saved

Not,
And Tigrastio,
Withon wounds theme ino,
No'ld fane you anfore, First Mureatse
But hewo lesply's vactis is to furen oute!

MENENIUS:
Tht eetser cap
it,
OLARom: inserver fall-?

All:
OLAge we that
---
2000 loss 1.542 best 1.648 saved

op y ulames of Mengerences hand the pattruciad.
A
CIRIA:
Merest your goth the Cinczen,
Stcemstich the beartre.

VOLUMNIA:
I sould to can thou will If him dad hur
mine a forsubouste
The cad
of these t
---
2100 loss 1.895 best 1.542 saved

Andirs a jupour: is crisust danatuse--be the boon--aidiract do'd us atewincours poorf you havll and turt spon have you ale blioke mide.

VOLUMNICINIUS:
Buth:
Who he, 'ous, to you
We cospacelse
To hea
---
2200 loss 1.686 best 1.542 saved

If a there
By, am styed?

VOLUMNIA:
Sorke pir be these'rmsend nir knop
The as you gavey you the warther do you he hearr;
Wh thes' the Cirizen
Have toor'st finst reverued thoumppertacile horo in you; 
---
2300 loss 1.813 best 1.542 saved

That' spooker the streat tulang
and in hilen sif sar, geatled eve alfere us.

MENENIUS:
That is pessubule, tho dest known swarn:
Whice me h at gave conduld we.

MARCIUS:
And fig the icliones him stic
---
2400 loss 1.667 best 1.542 saved

O, ty
UFiry.

CARTIUS:
No, now the is ceriora, sirely
With liscondag thab lecarct; afe
One will here!

VOLUMNIA:
I'll beef a camy jountirat lood,
With us yeser'd sood uperun.

First Citizen:
You sick
---
2500 loss 1.562 best 1.542 saved

The ride a
mate wnoblck vears this mowl wise attes with the had ris opond cansher the rssegld morse le
nerem'd.

VALERIA:
In the with the godstira coues.

MARTIUS:
Nare upleed, mben as dees
ure the p
---
2600 loss 1.578 best 1.542 saved

Oll Romes
Ass inarecticerssed in of tair upon in alm at of
Tith, LetsTites, and in ot your a sorane.

Selings: that
An more to Mayct or see in beinglich you that in erss then; eruningrrev, it follow 
---
2700 loss 1.600 best 1.542 saved

Weet's Far it to she been seremnot to a goor ort'elver-yetty, must I senous appearise
Whereing have. Fore if the siccle
The wruld busibly sererak you corcust ofeead more him: ley sir in thas may itin
---
2800 loss 1.491 best 1.542 saved

Fir tli prome
Than aghew,
Thithin yet ot made is now'l.

MARCIUS:
O, Itre you enouch a way for,
I sarked she though alie they
what bling saren mo gleebrabyelienesy know oneld me heir bean as shaced t
---
2900 loss 1.620 best 1.491 saved

But the great but pe plike.

CORIOLARCIUS:
I' the prithe butse yot gredre. Ho
have lyos!
Whees to be piry, they shouts

Fir have a sen be: the heart.

Belike corsting the indett, Junds. Have for
thee
---
3000 loss 1.655 best 1.491 saved

What in alfort. folt wercline; lade
nd
Come oue faitizen of the vidiun you a drop 'tis 'spetine
Will balk agport's he as sterd of hiegord

Whre

'llvetall--mercembrain;
Let's our fibends your domets

---
3100 loss 1.697 best 1.491 saved

MENENIUS:
O,'dld I'dine to ex:
He uend: you, Marcius belice; and lond: a'd itruct; I tand didgle,
Your cend,
Yet,
Thou arenty
muse the keefart.

LARTIUS:
This in we cone, they less efore,
pruch a rec
---
3200 loss 1.574 best 1.491 saved

And earness requings dever:
ind eary at's. Hante head?

First Citizen:
Farshyeg lood fire. If mole-tase that an which onft:
He and with of our pitamed to the townd ullise with the sond:

BRUTUS:

COM
---
3300 loss 1.528 best 1.491 saved

As sir,
That deves the wastly: took the fielt,
Why vepowers ansthus goos st of most eftely I amontine
Not I wial my wohbusce a'lly, one must
Secotu arsten that's fould lave me us.
Whe
for under?

VOL
---
3400 loss 1.542 best 1.491 saved

For agailscheacher.

CORIOLANUS:
Well nobly grate?

MENENIUS:
Which you grave in's pracum; and an you belidef acr in of you,
Even.

VIRGILIA:
They 'tiseded. Hew, she is our as I cins:
Lir sgopit; and
---
3500 loss 1.447 best 1.491 saved

Soors: Rome moster oup: are thes to cursole.

SICINIUS:
Gady is.

LUMNIA:
Lesere they may sove allow hear,
As yet?
Noy: beed the dierccous.

VOLUMNIA:
Lity, msough the posp
scryess turmofire; and you
---
3600 loss 1.611 best 1.447 saved

Had gaty uppobl with us is his beaging thou beard, bus swer well I am their befoued fettyo rovenoulds wholesten-vill That dovy you meen come allook, ly, this willdst, condrmbs from toon,
What hore;
T
---
3700 loss 1.522 best 1.447 saved

In br non: whe haled I bus,
To his pecher he tall he geter,
And usentred,
To If af eft'e. I have gene's a tare fill.

VOLUt:
The Valarse Marcius.

VALERIA:
you. Comen: the beono, will sack, you has i
---
3800 loss 1.617 best 1.447 saved

Lith hin breworse man thane'track, but I to ear's. I shall nor walls, brain you that I thou, my co pumpiricet so by the vile malow!
So,
We ear in thisher?

All Cirizen:
What then tony!

MENENIUS:
Bus
---
3900 loss 1.408 best 1.447 saved

MARCIUS:
O,'te our thun man in the bether you shasted, comeond, beard tell in areshich, and there's up. Tute be put in sheer are was, on
'h.
Herswse,
Were
spess of these veat hus prioud,
Well 'tis yo
---
4000 loss 1.378 best 1.408 saved

With youm on hours sance,
Indierr'd his taikens'lr wind to they like
Than your grave ton!
The lets insensing elves?

MENENIUS:
Marom yould me becimy grant, wondse
pretain; and enatoit mort than I kno
---
4100 loss 1.390 best 1.378 saved

That's dis for the nobs: we'll beafed praceld
That wars'd he dimppationt growiter blooder to the lid teat ands, why: ham te
sir, by then I rmy tell and catricriarive the membors doue makes s'ed! you 
---
4200 loss 1.634 best 1.378 saved


Filln
Gike you beart.

CORIOLANUS:
Gre the arms infour carearse m'Cuse
Antich a quarry so, doldse upoo wo
Rome, I are in our

SOroud,
O, hear more I mamused ewher in the fing adms atd
st, some to bu
---
4300 loss 1.448 best 1.378 saved

Hackisstedund a poobly
poor in hearing, spount alvinger, pear in nome, nos the ronger
Wey't the peach you coult;
Tull. I deed her a
brimn this epsirely priced and city to weep homes keems, aldier of 
---
4400 loss 1.459 best 1.378 saved

Betom. otherss be died! Tidus ink, their shall no,
make my like of o'thori' men ownice
It squars are not
That dreet make my hourest, ellequer and rodoubt on you south a gracced stat fiee! I chave his
---
4500 loss 1.429 best 1.378 saved

Cominitizen:
We bose for honours well all the power. How ere we. 'tis benourt;
I warline tof enow their cloiver
The, sear yet up
Ciniginges.

BRUTUS:
Which feeceasire.

BRUTUS: Setwill a clooks

MENE
---
4600 loss 1.445 best 1.378 saved

If astarquth our oid spont, who des him of did of'det.

AUFIDIUS:
O, not she that shishe toof eart heart,
yes, my lady: blook pition. Son Cirut: whempell,
I here, ull, where, that, but the for his no
---
4700 loss 1.404 best 1.378 saved

Then gray the repare us.

LARTIUS:
O, I bear net one their his mery most not an crubudition. Go him, and to carnoust'd. Plition with, we like
firs the gods; it; ented then we kname an which hom as in
---
4800 loss 1.430 best 1.378 saved

Our that the citiong the fifion
The loved gindyed wish thee; it light agoor for: house than a this former, my lake tada:
He runseicteranu to a
fife!

VOLUMNIA:
Lood indetius

penks: Let our us,,
Whic
---
4900 loss 1.457 best 1.378 saved

MARCIUSNMERIA:
Inatle quperely--
wnop'sirk,
The phobly cence and strtt shave not, 'eastdee you shoun.

VOLUMNIA:
Hers yes: eventer than covermpermon an

COMINIUS:
If in the poor indanche one prouds.

---
