vocab 59 len 50000
0 gen0 dew 101.2 loss 4.095 best 4.095 | FFSV;aU .agdYcz.dCz-d!hEAuPehT.Gmi!V;!JgxtiA:wwnwdapVpW!t'fd?TDUsSTxDl;ztwMHCgfe;If'PESaI.bty aqV;VPIGj KevMydfRFfDvyc--
50 gen0 dew 116.2 loss 2.556 best 2.506 | FgseiulsNIVjEUSUS,se'ekm.s
Ihz, Witses
.

vINIIUS:toudi :ecote ta  ad p taly he, bondr sept m wu.'rwg
ODrSC
qC?Ya:g:.

A
100 gen0 dew 105.7 loss 2.365 best 2.108 | Fr dedon tole foyd
nercin.

FEo the lesersS.

MENI
LvRPENIUS:
A Ollc ug the sey,
rus mics areloresm
Malv owilis and tu, 
150 gen0 dew 92.2 loss 2.180 best 2.054 | Firsuth tOetre hareding theve soolFimt ca kfowill yoce af
Yel ond:
Hont--
VhRCOLIUS:
BroTt tom ind your da, yould and mi
200 gen0 dew 78.7 loss 2.149 best 1.993 | F
Mrrecor wurllenor wrof re.

MARCOLIR:
Lomn theit. Nor wwthe hithe fors; he, Nho do
wor ip. Whon aicsy?

COtI Ie;
Anvu 
250 gen0 dew 66.7 loss 2.087 best 1.964 | Fir the to thee me!

rot af sllconrste ie came be whenr fom
Ho hes Jhit, ivand iul ay wo fathy Vong.

CORIIUS:
And 's to
300 gen0 dew 53.2 loss 2.047 best 1.907 | Firsu
for
Thit?

LARUTUS:
Nim to s andeerpor:

Tine wery werthen bearte: the 's Camine I pino.
? it.
He
Near te cous lor
350 gen0 dew 41.2 loss 1.988 best 1.748 | Fill epeteresiefreicint AUF,
my s youttr ingu toerundilenea thale beet

meRCIUS:
Not he poie I cehas noJinit. I withe si
400 gen0 dew 26.2 loss 1.950 best 1.748 | Firs,
Err, If hamserom? heare that ine toe canllo--fiuld,
Wh he he pony wors tho veernor'mup, and rate the all ver ithe 
450 gen0 dew 11.2 loss 2.048 best 1.748 | For the bruves.

VOLUMNIUFor theme toecead is whyle
dell aly nesthen's.
Wre wirtB anth ratiss,
Sondeer,
And plose mades;
DEATH gen0 dew -0.2 -> REBORN
500 gen1 dew 96.4 loss 2.000 best 1.748 | Fired fruld tile wouthad wnta
Gt-to them.

SICIUS:
Why ir,
Indeam mpor my uemercely seding buthre, myes,
'k younet:
Se! 
550 gen1 dew 81.4 loss 1.958 best 1.748 | Fir theid bengre tha herollion the areisw
LAtCOMINIUS:
Where stown would whel ct.
In worl!
Woth aw, makiss wather, thay 
600 gen1 dew 66.4 loss 2.001 best 1.748 | Firste cathinie, fill then you swell,
And tole male; bo the grass
Mestirs ir the beluancouris Catpraithd ave hat

Voll:

650 gen1 dew 54.4 loss 2.025 best 1.744 | Firs.

First CitI worns blios fore hore of ales nos
A dirse tisluss fighave athe mome thoud the
sort goods, and and thon
700 gen1 dew 42.4 loss 1.897 best 1.724 | For s carm were mblle wad.

CORIOLANUS:
My, loke nock'st pructre's.

MARCIUS:
I' whand wour:
'e pread my lower bring sot
750 gen1 dew 28.9 loss 1.965 best 1.698 | Frald fighing bufamm not wellbyed?

MARCIUS:
Till now iu priend inourse alvery and
rite ou'd-Fiols: and come, alowe. You
800 gen1 dew 13.9 loss 1.994 best 1.698 | Frip I ir the gits thun but you, the deasen tupent.

Martis the saply ants
An er; she owing
Hand me moonvad y tuct hemo,
850 gen1 dew 0.4 loss 1.856 best 1.628 | Fro, thes ag them tick
Coilf tound fickwif
Um thee knarue,
As in to!

COMINIUS:
With the notser weth in, titll be
Incanc
DEATH gen1 dew -0.2 -> REBORN
900 gen2 dew 85.6 loss 1.918 best 1.628 | Frre; and thes atwer?

VIRGILINIUS:
Wish all ham the dit.

MENENIUS:
Thase there larme,
prowh,
Whacl,
Yhey ase nst!

Bot
950 gen2 dew 72.1 loss 1.891 best 1.627 | First Mance speak that picustruce our My prour sheru, you kellye
the would caperce; than the with thet a cur?

VOLUMNIA:
