[DAEMON INITIALIZED] Starting BLOOM operational loop at Tue Aug 25 10:42:02 EDT 2026
=== DAEMON CYCLE RUN AT Tue Aug 25 10:42:02 EDT 2026 ===
=== BLOOM AUTONOMOUS EXECUTION ENGINE ONLINE ===

=== BLOOM AUTONOMOUS EXECUTION COMPLETED ===
=== DAEMON CYCLE RUN AT Tue Aug 25 10:43:02 EDT 2026 ===
=== BLOOM AUTONOMOUS EXECUTION ENGINE ONLINE ===

=== BLOOM AUTONOMOUS EXECUTION COMPLETED ===
[DAEMON INITIALIZED] Starting BLOOM autonomous operational loop at Tue Aug 25 10:43:55 EDT 2026
=== DAEMON CYCLE RUN AT Tue Aug 25 10:43:55 EDT 2026 ===
[PRODUCER] Injected 2 dynamic operational tasks into queue.
=== BLOOM AUTONOMOUS EXECUTION ENGINE ONLINE ===

[TASK] DRIFT_AUDIT_1787669035 - Automated AST Drift and Code Base Integrity Check
[VERIFIED] Task DRIFT_AUDIT_1787669035 completed successfully.

[TASK] LOG_CLEANUP_1787669035 - Purge Pycache Artifacts and Temporary Buffers
[VERIFIED] Task LOG_CLEANUP_1787669035 completed successfully.

=== BLOOM AUTONOMOUS EXECUTION COMPLETED ===
=== DAEMON CYCLE RUN AT Tue Aug 25 10:44:28 EDT 2026 ===
[PRODUCER] Injected 2 dynamic operational tasks into queue.
=== BLOOM AUTONOMOUS EXECUTION ENGINE ONLINE ===

[TASK] DRIFT_AUDIT_1787669068 - Automated AST Drift and Code Base Integrity Check
[VERIFIED] Task DRIFT_AUDIT_1787669068 completed successfully.

[TASK] LOG_CLEANUP_1787669068 - Purge Pycache Artifacts and Temporary Buffers
[VERIFIED] Task LOG_CLEANUP_1787669068 completed successfully.

=== BLOOM AUTONOMOUS EXECUTION COMPLETED ===
