==========================================================================================
BLOOM REAL EXECUTION
==========================================================================================
{
  "status": "PASS",
  "vocab_size": 97,
  "hidden_dim": 256,
  "sequence_length": 16,
  "batch_size": 1,
  "logits_shape": [
    16,
    97,
    1
  ],
  "final_state_shape": [
    256,
    1
  ]
}
==========================================================================================
BLOOM REAL: VERIFIED
==========================================================================================
